#
# There is insufficient memory for the Java Runtime Environment to continue.
# Native memory allocation (malloc) failed to allocate 1510896 bytes. Error detail: Chunk::new
# Possible reasons:
#   The system is out of physical RAM or swap space
#   This process is running with CompressedOops enabled, and the Java Heap may be blocking the growth of the native heap
# Possible solutions:
#   Reduce memory load on the system
#   Increase physical memory or swap space
#   Check if swap backing store is full
#   Decrease Java heap size (-Xmx/-Xms)
#   Decrease number of Java threads
#   Decrease Java thread stack sizes (-Xss)
#   Set larger code cache with -XX:ReservedCodeCacheSize=
#   JVM is running with Unscaled Compressed Oops mode in which the Java heap is
#     placed in the first 4GB address space. The Java Heap base address is the
#     maximum limit for the native heap growth. Please use -XX:HeapBaseMinAddress
#     to set the Java Heap base and to place the Java Heap above 4GB virtual address.
# This output file may be truncated or incomplete.
#
#  Out of Memory Error (arena.cpp:168), pid=5100, tid=6020
#
# JRE version: OpenJDK Runtime Environment Temurin-21.0.10+7 (21.0.10+7) (build 21.0.10+7-LTS)
# Java VM: OpenJDK 64-Bit Server VM Temurin-21.0.10+7 (21.0.10+7-LTS, mixed mode, sharing, tiered, compressed oops, compressed class ptrs, parallel gc, windows-amd64)
# No core dump will be written. Minidumps are not enabled by default on client versions of Windows
#

---------------  S U M M A R Y ------------

Command Line: --add-modules=ALL-SYSTEM --add-opens=java.base/java.util=ALL-UNNAMED --add-opens=java.base/java.lang=ALL-UNNAMED --add-opens=java.base/sun.nio.fs=ALL-UNNAMED -Declipse.application=org.eclipse.jdt.ls.core.id1 -Dosgi.bundles.defaultStartLevel=4 -Declipse.product=org.eclipse.jdt.ls.core.product -Djava.import.generatesMetadataFilesAtProjectRoot=false -DDetectVMInstallationsJob.disabled=true -Dfile.encoding=utf8 -XX:+UseParallelGC -XX:GCTimeRatio=4 -XX:AdaptiveSizePolicyWeight=90 -Dsun.zip.disableMemoryMapping=true -Xmx2G -Xms100m -Xlog:disable -javaagent:c:\Users\acer\.cursor\extensions\redhat.java-1.53.0-win32-x64\lombok\lombok-1.18.39-4050.jar c:\Users\acer\.cursor\extensions\redhat.java-1.53.0-win32-x64\server\plugins\org.eclipse.equinox.launcher_1.7.100.v20251111-0406.jar -configuration c:\Users\acer\AppData\Roaming\Cursor\User\globalStorage\redhat.java\1.53.0\config_ss_win -data c:\Users\acer\AppData\Roaming\Cursor\User\workspaceStorage\c673d17f4667b8b93dad4d846851476c\redhat.java\ss_ws --pipe=\\.\pipe\lsp-493d555ae653743c4fda5a4a63e201c7-sock

Host: Intel(R) Core(TM) i7-14700HX, 28 cores, 31G,  Windows 11 , 64 bit Build 26100 (10.0.26100.7920)
Time: Sat Mar 14 12:46:26 2026 SE Asia Standard Time elapsed time: 16.897054 seconds (0d 0h 0m 16s)

---------------  T H R E A D  ---------------

Current thread (0x000001545c899c40):  JavaThread "C2 CompilerThread0" daemon [_thread_in_native, id=6020, stack(0x00000005a7900000,0x00000005a7a00000) (1024K)]


Current CompileTask:
C2:16897 2756       4       org.lombokweb.asm.ClassReader::readMethod (1070 bytes)

Stack: [0x00000005a7900000,0x00000005a7a00000]
Native frames: (J=compiled Java code, j=interpreted, Vv=VM code, C=native code)
V  [jvm.dll+0x6d7a39]
V  [jvm.dll+0x8b4b26]
V  [jvm.dll+0x8b70de]
V  [jvm.dll+0x8b77c3]
V  [jvm.dll+0x284346]
V  [jvm.dll+0xc66ed]
V  [jvm.dll+0xc6c31]
V  [jvm.dll+0x3bec01]
V  [jvm.dll+0x1e3d62]
V  [jvm.dll+0x24c6b3]
V  [jvm.dll+0x24bb40]
V  [jvm.dll+0x1cb34e]
V  [jvm.dll+0x25b85d]
V  [jvm.dll+0x259dea]
V  [jvm.dll+0x3f857e]
V  [jvm.dll+0x85f59d]
V  [jvm.dll+0x6d626d]
C  [ucrtbase.dll+0x37b0]
C  [KERNEL32.DLL+0x2e8d7]
C  [ntdll.dll+0x8c48c]


---------------  P R O C E S S  ---------------

Threads class SMR info:
_java_thread_list=0x000001547ce24c10, length=24, elements={
0x000001545c7dca40, 0x000001545c885de0, 0x000001545c887d10, 0x000001545c88c4d0,
0x000001545c88cf30, 0x000001545c88d990, 0x000001545c88e3f0, 0x000001545c899c40,
0x000001545c89ab10, 0x00000154748c41e0, 0x00000154775b15e0, 0x000001547c439a20,
0x000001547c438670, 0x000001547c4372c0, 0x000001547c438d00, 0x00000154774fcc10,
0x00000154774fdb20, 0x000001547c437fe0, 0x000001547c32bfa0, 0x000001547c439390,
0x000001547c43a0b0, 0x000001547c436c30, 0x000001547c6adb70, 0x000001547ca43fc0
}

Java Threads: ( => current thread )
  0x000001545c7dca40 JavaThread "main"                              [_thread_blocked, id=22880, stack(0x00000005a6f00000,0x00000005a7000000) (1024K)]
  0x000001545c885de0 JavaThread "Reference Handler"          daemon [_thread_blocked, id=2180, stack(0x00000005a7300000,0x00000005a7400000) (1024K)]
  0x000001545c887d10 JavaThread "Finalizer"                  daemon [_thread_blocked, id=15380, stack(0x00000005a7400000,0x00000005a7500000) (1024K)]
  0x000001545c88c4d0 JavaThread "Signal Dispatcher"          daemon [_thread_blocked, id=13344, stack(0x00000005a7500000,0x00000005a7600000) (1024K)]
  0x000001545c88cf30 JavaThread "Attach Listener"            daemon [_thread_blocked, id=3488, stack(0x00000005a7600000,0x00000005a7700000) (1024K)]
  0x000001545c88d990 JavaThread "Service Thread"             daemon [_thread_blocked, id=38432, stack(0x00000005a7700000,0x00000005a7800000) (1024K)]
  0x000001545c88e3f0 JavaThread "Monitor Deflation Thread"   daemon [_thread_blocked, id=30504, stack(0x00000005a7800000,0x00000005a7900000) (1024K)]
=>0x000001545c899c40 JavaThread "C2 CompilerThread0"         daemon [_thread_in_native, id=6020, stack(0x00000005a7900000,0x00000005a7a00000) (1024K)]
  0x000001545c89ab10 JavaThread "C1 CompilerThread0"         daemon [_thread_blocked, id=24116, stack(0x00000005a7a00000,0x00000005a7b00000) (1024K)]
  0x00000154748c41e0 JavaThread "Common-Cleaner"             daemon [_thread_blocked, id=41688, stack(0x00000005a7d00000,0x00000005a7e00000) (1024K)]
  0x00000154775b15e0 JavaThread "Notification Thread"        daemon [_thread_blocked, id=37396, stack(0x00000005a8000000,0x00000005a8100000) (1024K)]
  0x000001547c439a20 JavaThread "Active Thread: Equinox Container: 623741de-94c8-4a1e-8156-4b83bb5da5e2"        [_thread_blocked, id=5604, stack(0x00000005a8900000,0x00000005a8a00000) (1024K)]
  0x000001547c438670 JavaThread "Framework Event Dispatcher: Equinox Container: 623741de-94c8-4a1e-8156-4b83bb5da5e2" daemon [_thread_blocked, id=33420, stack(0x00000005a7c00000,0x00000005a7d00000) (1024K)]
  0x000001547c4372c0 JavaThread "Start Level: Equinox Container: 623741de-94c8-4a1e-8156-4b83bb5da5e2" daemon [_thread_in_native, id=36120, stack(0x00000005a7e00000,0x00000005a7f00000) (1024K)]
  0x000001547c438d00 JavaThread "SCR Component Actor"        daemon [_thread_blocked, id=31180, stack(0x00000005a7f00000,0x00000005a8000000) (1024K)]
  0x00000154774fcc10 JavaThread "C1 CompilerThread1"         daemon [_thread_blocked, id=14412, stack(0x00000005a8100000,0x00000005a8200000) (1024K)]
  0x00000154774fdb20 JavaThread "C1 CompilerThread2"         daemon [_thread_blocked, id=19912, stack(0x00000005a8800000,0x00000005a8900000) (1024K)]
  0x000001547c437fe0 JavaThread "Worker-JM"                         [_thread_blocked, id=35436, stack(0x00000005a8c00000,0x00000005a8d00000) (1024K)]
  0x000001547c32bfa0 JavaThread "C1 CompilerThread3"         daemon [_thread_blocked, id=24484, stack(0x00000005a8f00000,0x00000005a9000000) (1024K)]
  0x000001547c439390 JavaThread "Worker-0"                          [_thread_blocked, id=39472, stack(0x00000005a8b00000,0x00000005a8c00000) (1024K)]
  0x000001547c43a0b0 JavaThread "Worker-1"                          [_thread_blocked, id=23808, stack(0x00000005a9000000,0x00000005a9100000) (1024K)]
  0x000001547c436c30 JavaThread "Worker-2"                          [_thread_blocked, id=37716, stack(0x00000005a9100000,0x00000005a9200000) (1024K)]
  0x000001547c6adb70 JavaThread "C2 CompilerThread1"         daemon [_thread_blocked, id=9028, stack(0x00000005a8a00000,0x00000005a8b00000) (1024K)]
  0x000001547ca43fc0 JavaThread "C2 CompilerThread2"         daemon [_thread_blocked, id=23200, stack(0x00000005a9600000,0x00000005a9700000) (1024K)]
Total: 24

Other Threads:
  0x000001545c87ebf0 VMThread "VM Thread"                           [id=18844, stack(0x00000005a7200000,0x00000005a7300000) (1024K)]
  0x000001545c66ca00 WatcherThread "VM Periodic Task Thread"        [id=30496, stack(0x00000005a7100000,0x00000005a7200000) (1024K)]
  0x000001545c7face0 WorkerThread "GC Thread#0"                     [id=18044, stack(0x00000005a7000000,0x00000005a7100000) (1024K)]
  0x000001547762d6a0 WorkerThread "GC Thread#1"                     [id=23900, stack(0x00000005a8200000,0x00000005a8300000) (1024K)]
  0x000001547762da50 WorkerThread "GC Thread#2"                     [id=43444, stack(0x00000005a8300000,0x00000005a8400000) (1024K)]
  0x000001547c0152e0 WorkerThread "GC Thread#3"                     [id=46028, stack(0x00000005a8400000,0x00000005a8500000) (1024K)]
  0x000001547c015690 WorkerThread "GC Thread#4"                     [id=43072, stack(0x00000005a8500000,0x00000005a8600000) (1024K)]
  0x000001547c015a40 WorkerThread "GC Thread#5"                     [id=43632, stack(0x00000005a8600000,0x00000005a8700000) (1024K)]
  0x0000015477bdf370 WorkerThread "GC Thread#6"                     [id=4392, stack(0x00000005a8700000,0x00000005a8800000) (1024K)]
  0x0000015474704520 WorkerThread "GC Thread#7"                     [id=12780, stack(0x00000005a7b00000,0x00000005a7c00000) (1024K)]
  0x000001547c1a7e00 WorkerThread "GC Thread#8"                     [id=25084, stack(0x00000005a8d00000,0x00000005a8e00000) (1024K)]
  0x00000154776d0ea0 WorkerThread "GC Thread#9"                     [id=41632, stack(0x00000005a8e00000,0x00000005a8f00000) (1024K)]
  0x000001547c497770 WorkerThread "GC Thread#10"                    [id=41536, stack(0x00000005a9200000,0x00000005a9300000) (1024K)]
  0x000001547c497b20 WorkerThread "GC Thread#11"                    [id=33324, stack(0x00000005a9300000,0x00000005a9400000) (1024K)]
  0x000001547c57cda0 WorkerThread "GC Thread#12"                    [id=40080, stack(0x00000005a9400000,0x00000005a9500000) (1024K)]
  0x000001547c57d150 WorkerThread "GC Thread#13"                    [id=38408, stack(0x00000005a9500000,0x00000005a9600000) (1024K)]
Total: 16

Threads with active compile tasks:
C2 CompilerThread0  16946 2756       4       org.lombokweb.asm.ClassReader::readMethod (1070 bytes)
Total: 1

VM state: not at safepoint (normal execution)

VM Mutex/Monitor currently owned by a thread: None

Heap address: 0x0000000080000000, size: 2048 MB, Compressed Oops mode: 32-bit

CDS archive(s) mapped at: [0x0000015400000000-0x0000015400ba0000-0x0000015400ba0000), size 12189696, SharedBaseAddress: 0x0000015400000000, ArchiveRelocationMode: 1.
Compressed class space mapped at: 0x0000015401000000-0x0000015441000000, reserved size: 1073741824
Narrow klass base: 0x0000015400000000, Narrow klass shift: 0, Narrow klass range: 0x100000000

GC Precious Log:
 CardTable entry size: 512
 CPUs: 28 total, 28 available
 Memory: 32472M
 Large Page Support: Disabled
 NUMA Support: Disabled
 Compressed Oops: Enabled (32-bit)
 Alignments: Space 512K, Generation 512K, Heap 2M
 Heap Min Capacity: 100M
 Heap Initial Capacity: 100M
 Heap Max Capacity: 2G
 Pre-touch: Disabled
 Parallel Workers: 20

Heap:
 PSYoungGen      total 29184K, used 8911K [0x00000000d5580000, 0x00000000d7b00000, 0x0000000100000000)
  eden space 25088K, 19% used [0x00000000d5580000,0x00000000d5a3b440,0x00000000d6e00000)
  from space 4096K, 99% used [0x00000000d6e80000,0x00000000d7278898,0x00000000d7280000)
  to   space 6656K, 0% used [0x00000000d7480000,0x00000000d7480000,0x00000000d7b00000)
 ParOldGen       total 68608K, used 7509K [0x0000000080000000, 0x0000000084300000, 0x00000000d5580000)
  object space 68608K, 10% used [0x0000000080000000,0x00000000807557b0,0x0000000084300000)
 Metaspace       used 20362K, committed 20928K, reserved 1114112K
  class space    used 1978K, committed 2240K, reserved 1048576K

Card table byte_map: [0x000001545c180000,0x000001545c590000] _byte_map_base: 0x000001545bd80000

Marking Bits: (ParMarkBitMap*) 0x00007ff880eb3450
 Begin Bits: [0x000001546ec90000, 0x0000015470c90000)
 End Bits:   [0x0000015470c90000, 0x0000015472c90000)

Polling page: 0x000001545a2a0000

Metaspace:

Usage:
  Non-class:     17.95 MB used.
      Class:      1.93 MB used.
       Both:     19.89 MB used.

Virtual space:
  Non-class space:       64.00 MB reserved,      18.25 MB ( 29%) committed,  1 nodes.
      Class space:        1.00 GB reserved,       2.19 MB ( <1%) committed,  1 nodes.
             Both:        1.06 GB reserved,      20.44 MB (  2%) committed. 

Chunk freelists:
   Non-Class:  13.00 MB
       Class:  13.85 MB
        Both:  26.85 MB

MaxMetaspaceSize: unlimited
CompressedClassSpaceSize: 1.00 GB
Initial GC threshold: 21.00 MB
Current GC threshold: 21.00 MB
CDS: on
 - commit_granule_bytes: 65536.
 - commit_granule_words: 8192.
 - virtual_space_node_default_size: 8388608.
 - enlarge_chunks_in_place: 1.
 - use_allocation_guard: 0.


Internal statistics:

num_allocs_failed_limit: 0.
num_arena_births: 476.
num_arena_deaths: 0.
num_vsnodes_births: 2.
num_vsnodes_deaths: 0.
num_space_committed: 327.
num_space_uncommitted: 0.
num_chunks_returned_to_freelist: 0.
num_chunks_taken_from_freelist: 1210.
num_chunk_merges: 0.
num_chunk_splits: 807.
num_chunks_enlarged: 536.
num_inconsistent_stats: 0.

CodeHeap 'non-profiled nmethods': size=119168Kb used=1177Kb max_used=1177Kb free=117990Kb
 bounds [0x0000015467580000, 0x00000154677f0000, 0x000001546e9e0000]
CodeHeap 'profiled nmethods': size=119104Kb used=5402Kb max_used=5402Kb free=113701Kb
 bounds [0x000001545f9e0000, 0x000001545ff30000, 0x0000015466e30000]
CodeHeap 'non-nmethods': size=7488Kb used=2995Kb max_used=3016Kb free=4492Kb
 bounds [0x0000015466e30000, 0x0000015467130000, 0x0000015467580000]
CodeCache: size=245760Kb, used=9574Kb, max_used=9595Kb, free=236183Kb
 total_blobs=3355, nmethods=2766, adapters=492, full_count=0
Compilation: enabled, stopped_count=0, restarted_count=0

Compilation events (20 events):
Event: 15.776 Thread 0x00000154774fcc10 2766       3       java.util.regex.Matcher::group (65 bytes)
Event: 15.777 Thread 0x00000154774fcc10 nmethod 2766 0x000001545ff24d10 code [0x000001545ff24f40, 0x000001545ff255b0]
Event: 15.777 Thread 0x000001547c32bfa0 2767       3       java.util.regex.Matcher::checkGroup (41 bytes)
Event: 15.777 Thread 0x000001547c32bfa0 nmethod 2767 0x000001545ff25810 code [0x000001545ff25a40, 0x000001545ff260c8]
Event: 15.777 Thread 0x000001547c32bfa0 2768       3       java.util.regex.Matcher::groupCount (10 bytes)
Event: 15.777 Thread 0x000001547c32bfa0 nmethod 2768 0x000001545ff26390 code [0x000001545ff26520, 0x000001545ff26638]
Event: 15.777 Thread 0x000001547c32bfa0 2769       3       java.util.regex.Matcher::getSubSequence (12 bytes)
Event: 15.777 Thread 0x000001547c32bfa0 nmethod 2769 0x000001545ff26710 code [0x000001545ff268c0, 0x000001545ff26a98]
Event: 15.777 Thread 0x000001547c6adb70 2759       4       lombok.patcher.PatchScript$MethodPatcher::visitMethod (158 bytes)
Event: 15.777 Thread 0x000001547ca43fc0 2757       4       org.lombokweb.asm.Type::getArgumentsAndReturnSizes (140 bytes)
Event: 15.785 Thread 0x000001547ca43fc0 nmethod 2757 0x0000015467699b90 code [0x0000015467699dc0, 0x000001546769a620]
Event: 15.785 Thread 0x000001547ca43fc0 2763       4       org.lombokweb.asm.MethodWriter::<init> (232 bytes)
Event: 15.812 Thread 0x000001547ca43fc0 nmethod 2763 0x000001546769ad10 code [0x000001546769b0e0, 0x000001546769d258]
Event: 15.812 Thread 0x000001547ca43fc0 2762       4       org.lombokweb.asm.MethodVisitor::<init> (79 bytes)
Event: 15.813 Thread 0x000001547ca43fc0 nmethod 2762 0x000001546769e890 code [0x000001546769ea20, 0x000001546769eaf0]
Event: 15.813 Thread 0x000001547ca43fc0 2764       4       org.lombokweb.asm.ClassWriter::visitMethod (57 bytes)
Event: 15.814 Thread 0x000001547ca43fc0 nmethod 2764 0x000001546769eb90 code [0x000001546769ed20, 0x000001546769ef40]
Event: 15.814 Thread 0x000001547ca43fc0 2765       4       org.lombokweb.asm.ClassVisitor::visitMethod (24 bytes)
Event: 15.816 Thread 0x000001547ca43fc0 nmethod 2765 0x000001546769f090 code [0x000001546769f240, 0x000001546769f4b0]
Event: 15.851 Thread 0x000001547c6adb70 nmethod 2759 0x000001546769f690 code [0x000001546769fe60, 0x00000154676a3c18]

GC Heap History (10 events):
Event: 1.332 GC heap before
{Heap before GC invocations=1 (full 0):
 PSYoungGen      total 29696K, used 25600K [0x00000000d5580000, 0x00000000d7680000, 0x0000000100000000)
  eden space 25600K, 100% used [0x00000000d5580000,0x00000000d6e80000,0x00000000d6e80000)
  from space 4096K, 0% used [0x00000000d7280000,0x00000000d7280000,0x00000000d7680000)
  to   space 4096K, 0% used [0x00000000d6e80000,0x00000000d6e80000,0x00000000d7280000)
 ParOldGen       total 68608K, used 0K [0x0000000080000000, 0x0000000084300000, 0x00000000d5580000)
  object space 68608K, 0% used [0x0000000080000000,0x0000000080000000,0x0000000084300000)
 Metaspace       used 4156K, committed 4416K, reserved 1114112K
  class space    used 453K, committed 576K, reserved 1048576K
}
Event: 1.341 GC heap after
{Heap after GC invocations=1 (full 0):
 PSYoungGen      total 29696K, used 3723K [0x00000000d5580000, 0x00000000d7680000, 0x0000000100000000)
  eden space 25600K, 0% used [0x00000000d5580000,0x00000000d5580000,0x00000000d6e80000)
  from space 4096K, 90% used [0x00000000d6e80000,0x00000000d7222ff0,0x00000000d7280000)
  to   space 4096K, 0% used [0x00000000d7280000,0x00000000d7280000,0x00000000d7680000)
 ParOldGen       total 68608K, used 16K [0x0000000080000000, 0x0000000084300000, 0x00000000d5580000)
  object space 68608K, 0% used [0x0000000080000000,0x0000000080004000,0x0000000084300000)
 Metaspace       used 4156K, committed 4416K, reserved 1114112K
  class space    used 453K, committed 576K, reserved 1048576K
}
Event: 3.820 GC heap before
{Heap before GC invocations=2 (full 0):
 PSYoungGen      total 29696K, used 29323K [0x00000000d5580000, 0x00000000d7680000, 0x0000000100000000)
  eden space 25600K, 100% used [0x00000000d5580000,0x00000000d6e80000,0x00000000d6e80000)
  from space 4096K, 90% used [0x00000000d6e80000,0x00000000d7222ff0,0x00000000d7280000)
  to   space 4096K, 0% used [0x00000000d7280000,0x00000000d7280000,0x00000000d7680000)
 ParOldGen       total 68608K, used 16K [0x0000000080000000, 0x0000000084300000, 0x00000000d5580000)
  object space 68608K, 0% used [0x0000000080000000,0x0000000080004000,0x0000000084300000)
 Metaspace       used 7980K, committed 8256K, reserved 1114112K
  class space    used 831K, committed 960K, reserved 1048576K
}
Event: 3.825 GC heap after
{Heap after GC invocations=2 (full 0):
 PSYoungGen      total 29696K, used 4070K [0x00000000d5580000, 0x00000000d7680000, 0x0000000100000000)
  eden space 25600K, 0% used [0x00000000d5580000,0x00000000d5580000,0x00000000d6e80000)
  from space 4096K, 99% used [0x00000000d7280000,0x00000000d7679800,0x00000000d7680000)
  to   space 4096K, 0% used [0x00000000d6e80000,0x00000000d6e80000,0x00000000d7280000)
 ParOldGen       total 68608K, used 1113K [0x0000000080000000, 0x0000000084300000, 0x00000000d5580000)
  object space 68608K, 1% used [0x0000000080000000,0x00000000801166a8,0x0000000084300000)
 Metaspace       used 7980K, committed 8256K, reserved 1114112K
  class space    used 831K, committed 960K, reserved 1048576K
}
Event: 12.398 GC heap before
{Heap before GC invocations=3 (full 0):
 PSYoungGen      total 29696K, used 29663K [0x00000000d5580000, 0x00000000d7680000, 0x0000000100000000)
  eden space 25600K, 99% used [0x00000000d5580000,0x00000000d6e7e770,0x00000000d6e80000)
  from space 4096K, 99% used [0x00000000d7280000,0x00000000d7679800,0x00000000d7680000)
  to   space 4096K, 0% used [0x00000000d6e80000,0x00000000d6e80000,0x00000000d7280000)
 ParOldGen       total 68608K, used 1113K [0x0000000080000000, 0x0000000084300000, 0x00000000d5580000)
  object space 68608K, 1% used [0x0000000080000000,0x00000000801166a8,0x0000000084300000)
 Metaspace       used 12799K, committed 13312K, reserved 1114112K
  class space    used 1353K, committed 1600K, reserved 1048576K
}
Event: 12.401 GC heap after
{Heap after GC invocations=3 (full 0):
 PSYoungGen      total 29696K, used 4074K [0x00000000d5580000, 0x00000000d7680000, 0x0000000100000000)
  eden space 25600K, 0% used [0x00000000d5580000,0x00000000d5580000,0x00000000d6e80000)
  from space 4096K, 99% used [0x00000000d6e80000,0x00000000d727a9b8,0x00000000d7280000)
  to   space 4096K, 0% used [0x00000000d7280000,0x00000000d7280000,0x00000000d7680000)
 ParOldGen       total 68608K, used 2571K [0x0000000080000000, 0x0000000084300000, 0x00000000d5580000)
  object space 68608K, 3% used [0x0000000080000000,0x0000000080282f08,0x0000000084300000)
 Metaspace       used 12799K, committed 13312K, reserved 1114112K
  class space    used 1353K, committed 1600K, reserved 1048576K
}
Event: 12.834 GC heap before
{Heap before GC invocations=4 (full 0):
 PSYoungGen      total 29696K, used 29674K [0x00000000d5580000, 0x00000000d7680000, 0x0000000100000000)
  eden space 25600K, 100% used [0x00000000d5580000,0x00000000d6e80000,0x00000000d6e80000)
  from space 4096K, 99% used [0x00000000d6e80000,0x00000000d727a9b8,0x00000000d7280000)
  to   space 4096K, 0% used [0x00000000d7280000,0x00000000d7280000,0x00000000d7680000)
 ParOldGen       total 68608K, used 2571K [0x0000000080000000, 0x0000000084300000, 0x00000000d5580000)
  object space 68608K, 3% used [0x0000000080000000,0x0000000080282f08,0x0000000084300000)
 Metaspace       used 16163K, committed 16768K, reserved 1114112K
  class space    used 1671K, committed 1920K, reserved 1048576K
}
Event: 12.838 GC heap after
{Heap after GC invocations=4 (full 0):
 PSYoungGen      total 29696K, used 4079K [0x00000000d5580000, 0x00000000d7680000, 0x0000000100000000)
  eden space 25600K, 0% used [0x00000000d5580000,0x00000000d5580000,0x00000000d6e80000)
  from space 4096K, 99% used [0x00000000d7280000,0x00000000d767bfc8,0x00000000d7680000)
  to   space 4096K, 0% used [0x00000000d6e80000,0x00000000d6e80000,0x00000000d7280000)
 ParOldGen       total 68608K, used 5076K [0x0000000080000000, 0x0000000084300000, 0x00000000d5580000)
  object space 68608K, 7% used [0x0000000080000000,0x00000000804f5190,0x0000000084300000)
 Metaspace       used 16163K, committed 16768K, reserved 1114112K
  class space    used 1671K, committed 1920K, reserved 1048576K
}
Event: 14.700 GC heap before
{Heap before GC invocations=5 (full 0):
 PSYoungGen      total 29696K, used 29631K [0x00000000d5580000, 0x00000000d7680000, 0x0000000100000000)
  eden space 25600K, 99% used [0x00000000d5580000,0x00000000d6e73c60,0x00000000d6e80000)
  from space 4096K, 99% used [0x00000000d7280000,0x00000000d767bfc8,0x00000000d7680000)
  to   space 4096K, 0% used [0x00000000d6e80000,0x00000000d6e80000,0x00000000d7280000)
 ParOldGen       total 68608K, used 5076K [0x0000000080000000, 0x0000000084300000, 0x00000000d5580000)
  object space 68608K, 7% used [0x0000000080000000,0x00000000804f5190,0x0000000084300000)
 Metaspace       used 19476K, committed 20032K, reserved 1114112K
  class space    used 1917K, committed 2176K, reserved 1048576K
}
Event: 14.702 GC heap after
{Heap after GC invocations=5 (full 0):
 PSYoungGen      total 29184K, used 4066K [0x00000000d5580000, 0x00000000d7b00000, 0x0000000100000000)
  eden space 25088K, 0% used [0x00000000d5580000,0x00000000d5580000,0x00000000d6e00000)
  from space 4096K, 99% used [0x00000000d6e80000,0x00000000d7278898,0x00000000d7280000)
  to   space 6656K, 0% used [0x00000000d7480000,0x00000000d7480000,0x00000000d7b00000)
 ParOldGen       total 68608K, used 7509K [0x0000000080000000, 0x0000000084300000, 0x00000000d5580000)
  object space 68608K, 10% used [0x0000000080000000,0x00000000807557b0,0x0000000084300000)
 Metaspace       used 19476K, committed 20032K, reserved 1114112K
  class space    used 1917K, committed 2176K, reserved 1048576K
}

Dll operation events (9 events):
Event: 0.019 Loaded shared library c:\Users\acer\.cursor\extensions\redhat.java-1.53.0-win32-x64\jre\21.0.10-win32-x86_64\bin\java.dll
Event: 0.106 Loaded shared library c:\Users\acer\.cursor\extensions\redhat.java-1.53.0-win32-x64\jre\21.0.10-win32-x86_64\bin\zip.dll
Event: 0.140 Loaded shared library C:\Users\acer\.cursor\extensions\redhat.java-1.53.0-win32-x64\jre\21.0.10-win32-x86_64\bin\instrument.dll
Event: 0.150 Loaded shared library C:\Users\acer\.cursor\extensions\redhat.java-1.53.0-win32-x64\jre\21.0.10-win32-x86_64\bin\net.dll
Event: 0.153 Loaded shared library C:\Users\acer\.cursor\extensions\redhat.java-1.53.0-win32-x64\jre\21.0.10-win32-x86_64\bin\nio.dll
Event: 0.159 Loaded shared library C:\Users\acer\.cursor\extensions\redhat.java-1.53.0-win32-x64\jre\21.0.10-win32-x86_64\bin\zip.dll
Event: 0.194 Loaded shared library C:\Users\acer\.cursor\extensions\redhat.java-1.53.0-win32-x64\jre\21.0.10-win32-x86_64\bin\jimage.dll
Event: 0.341 Loaded shared library c:\Users\acer\.cursor\extensions\redhat.java-1.53.0-win32-x64\jre\21.0.10-win32-x86_64\bin\verify.dll
Event: 11.889 Loaded shared library C:\Users\acer\AppData\Roaming\Cursor\User\globalStorage\redhat.java\1.53.0\config_ss_win\org.eclipse.equinox.launcher\org.eclipse.equinox.launcher.win32.win32.x86_64_1.3.0.v20260203-2149\eclipse_11919.dll

Deoptimization events (20 events):
Event: 12.742 Thread 0x000001547c4372c0 DEOPT PACKING pc=0x0000015467674e14 sp=0x00000005a7ef3090
Event: 12.742 Thread 0x000001547c4372c0 DEOPT UNPACKING pc=0x0000015466e83aa2 sp=0x00000005a7ef3038 mode 2
Event: 12.798 Thread 0x000001547c4372c0 DEOPT PACKING pc=0x000001545fe19bb5 sp=0x00000005a7ef4e10
Event: 12.798 Thread 0x000001547c4372c0 DEOPT UNPACKING pc=0x0000015466e84242 sp=0x00000005a7ef4320 mode 0
Event: 12.815 Thread 0x000001547c4372c0 Uncommon trap: trap_request=0xffffff45 fr.pc=0x000001546768c9a0 relative=0x00000000000008a0
Event: 12.815 Thread 0x000001547c4372c0 Uncommon trap: reason=unstable_if action=reinterpret pc=0x000001546768c9a0 method=org.lombokweb.asm.ClassReader.readUTF8(I[C)Ljava/lang/String; @ 11 c2
Event: 12.815 Thread 0x000001547c4372c0 DEOPT PACKING pc=0x000001546768c9a0 sp=0x00000005a7eef5b0
Event: 12.815 Thread 0x000001547c4372c0 DEOPT UNPACKING pc=0x0000015466e83aa2 sp=0x00000005a7eef5b8 mode 2
Event: 14.626 Thread 0x000001547c4372c0 Uncommon trap: trap_request=0xffffff45 fr.pc=0x000001546769896c relative=0x000000000000014c
Event: 14.626 Thread 0x000001547c4372c0 Uncommon trap: reason=unstable_if action=reinterpret pc=0x000001546769896c method=org.lombokweb.asm.ByteVector.putByteArray([BII)Lorg/lombokweb/asm/ByteVector; @ 20 c2
Event: 14.626 Thread 0x000001547c4372c0 DEOPT PACKING pc=0x000001546769896c sp=0x00000005a7ef2750
Event: 14.626 Thread 0x000001547c4372c0 DEOPT UNPACKING pc=0x0000015466e83aa2 sp=0x00000005a7ef2720 mode 2
Event: 14.626 Thread 0x000001547c4372c0 Uncommon trap: trap_request=0xffffff45 fr.pc=0x00000154676973a4 relative=0x0000000000000364
Event: 14.626 Thread 0x000001547c4372c0 Uncommon trap: reason=unstable_if action=reinterpret pc=0x00000154676973a4 method=org.lombokweb.asm.Label.resolve([BLorg/lombokweb/asm/ByteVector;I)Z @ 81 c2
Event: 14.626 Thread 0x000001547c4372c0 DEOPT PACKING pc=0x00000154676973a4 sp=0x00000005a7ef27e0
Event: 14.626 Thread 0x000001547c4372c0 DEOPT UNPACKING pc=0x0000015466e83aa2 sp=0x00000005a7ef26e8 mode 2
Event: 14.626 Thread 0x000001547c4372c0 Uncommon trap: trap_request=0xffffff45 fr.pc=0x0000015467697b3c relative=0x000000000000021c
Event: 14.626 Thread 0x000001547c4372c0 Uncommon trap: reason=unstable_if action=reinterpret pc=0x0000015467697b3c method=org.lombokweb.asm.Label.resolve([BLorg/lombokweb/asm/ByteVector;I)Z @ 81 c2
Event: 14.626 Thread 0x000001547c4372c0 DEOPT PACKING pc=0x0000015467697b3c sp=0x00000005a7ef2750
Event: 14.626 Thread 0x000001547c4372c0 DEOPT UNPACKING pc=0x0000015466e83aa2 sp=0x00000005a7ef26e0 mode 2

Classes loaded (20 events):
Event: 12.737 Loading class java/util/zip/GZIPInputStream
Event: 12.737 Loading class java/util/zip/GZIPInputStream done
Event: 12.755 Loading class java/io/StringReader
Event: 12.755 Loading class java/io/StringReader done
Event: 12.762 Loading class java/net/SocketTimeoutException
Event: 12.762 Loading class java/io/InterruptedIOException
Event: 12.762 Loading class java/io/InterruptedIOException done
Event: 12.762 Loading class java/net/SocketTimeoutException done
Event: 12.762 Loading class java/net/SocketException
Event: 12.762 Loading class java/net/SocketException done
Event: 12.762 Loading class java/net/UnknownHostException
Event: 12.762 Loading class java/net/UnknownHostException done
Event: 12.762 Loading class java/net/ProtocolException
Event: 12.762 Loading class java/net/ProtocolException done
Event: 12.780 Loading class java/lang/ThreadLocal$SuppliedThreadLocal
Event: 12.780 Loading class java/lang/ThreadLocal$SuppliedThreadLocal done
Event: 12.798 Loading class java/io/FileWriter
Event: 12.798 Loading class java/io/FileWriter done
Event: 12.870 Loading class java/lang/NegativeArraySizeException
Event: 12.871 Loading class java/lang/NegativeArraySizeException done

Classes unloaded (0 events):
No events

Classes redefined (0 events):
No events

Internal exceptions (20 events):
Event: 12.463 Thread 0x000001547c4372c0 Exception <a 'java/io/FileNotFoundException'{0x00000000d5981838}> (0x00000000d5981838) 
thrown [s\src\hotspot\share\prims\jni.cpp, line 520]
Event: 12.463 Thread 0x000001547c4372c0 Exception <a 'java/io/FileNotFoundException'{0x00000000d5988d90}> (0x00000000d5988d90) 
thrown [s\src\hotspot\share\prims\jni.cpp, line 520]
Event: 12.624 Thread 0x000001547c4372c0 Exception <a 'java/lang/NoSuchMethodError'{0x00000000d5f34280}: 'java.lang.Object java.lang.invoke.DirectMethodHandle$Holder.newInvokeSpecial(java.lang.Object, java.lang.Object, java.lang.Object, java.lang.Object, java.lang.Object)'> (0x00000000d5f34280) 
thrown [s\src\hotspot\share\interpreter\linkResolver.cpp, line 773]
Event: 12.632 Thread 0x000001547c4372c0 Exception <a 'java/lang/NoSuchMethodError'{0x00000000d6013750}: 'java.lang.Object java.lang.invoke.DirectMethodHandle$Holder.invokeSpecial(java.lang.Object, java.lang.Object, java.lang.Object, long, java.lang.Object)'> (0x00000000d6013750) 
thrown [s\src\hotspot\share\interpreter\linkResolver.cpp, line 773]
Event: 12.633 Thread 0x000001547c4372c0 Exception <a 'java/lang/NoSuchMethodError'{0x00000000d601af98}: 'java.lang.Object java.lang.invoke.DirectMethodHandle$Holder.newInvokeSpecial(java.lang.Object, java.lang.Object, java.lang.Object, long)'> (0x00000000d601af98) 
thrown [s\src\hotspot\share\interpreter\linkResolver.cpp, line 773]
Event: 12.633 Thread 0x000001547c4372c0 Exception <a 'java/lang/NoSuchMethodError'{0x00000000d601f348}: 'java.lang.Object java.lang.invoke.DirectMethodHandle$Holder.invokeSpecial(java.lang.Object, java.lang.Object, java.lang.Object, java.lang.Object, long)'> (0x00000000d601f348) 
thrown [s\src\hotspot\share\interpreter\linkResolver.cpp, line 773]
Event: 12.633 Thread 0x000001547c4372c0 Exception <a 'java/lang/NoSuchMethodError'{0x00000000d6022f68}: 'java.lang.Object java.lang.invoke.Invokers$Holder.linkToTargetMethod(java.lang.Object, java.lang.Object, long, java.lang.Object)'> (0x00000000d6022f68) 
thrown [s\src\hotspot\share\interpreter\linkResolver.cpp, line 773]
Event: 12.639 Thread 0x000001547c4372c0 Exception <a 'java/lang/NoSuchMethodError'{0x00000000d607b278}: 'int java.lang.invoke.DirectMethodHandle$Holder.invokeStaticInit(java.lang.Object, java.lang.Object, java.lang.Object)'> (0x00000000d607b278) 
thrown [s\src\hotspot\share\interpreter\linkResolver.cpp, line 773]
Event: 12.649 Thread 0x000001547c4372c0 Exception <a 'java/lang/IncompatibleClassChangeError'{0x00000000d6131820}: Found class java.lang.Object, but interface was expected> (0x00000000d6131820) 
thrown [s\src\hotspot\share\interpreter\linkResolver.cpp, line 840]
Event: 12.649 Thread 0x000001547c4372c0 Exception <a 'java/lang/NoSuchMethodError'{0x00000000d61353d0}: 'java.lang.Object java.lang.invoke.DirectMethodHandle$Holder.invokeSpecial(java.lang.Object, java.lang.Object, java.lang.Object, int, java.lang.Object, java.lang.Object)'> (0x00000000d61353d0) 
thrown [s\src\hotspot\share\interpreter\linkResolver.cpp, line 773]
Event: 12.650 Thread 0x000001547c4372c0 Exception <a 'java/lang/NoSuchMethodError'{0x00000000d613cea8}: 'java.lang.Object java.lang.invoke.DirectMethodHandle$Holder.newInvokeSpecial(java.lang.Object, java.lang.Object, java.lang.Object, int, java.lang.Object)'> (0x00000000d613cea8) 
thrown [s\src\hotspot\share\interpreter\linkResolver.cpp, line 773]
Event: 12.650 Thread 0x000001547c4372c0 Exception <a 'java/lang/NoSuchMethodError'{0x00000000d6140e28}: 'java.lang.Object java.lang.invoke.DirectMethodHandle$Holder.invokeSpecial(java.lang.Object, java.lang.Object, java.lang.Object, java.lang.Object, int, java.lang.Object)'> (0x00000000d6140e28) 
thrown [s\src\hotspot\share\interpreter\linkResolver.cpp, line 773]
Event: 12.650 Thread 0x000001547c4372c0 Exception <a 'java/lang/NoSuchMethodError'{0x00000000d6144968}: 'java.lang.Object java.lang.invoke.Invokers$Holder.linkToTargetMethod(java.lang.Object, java.lang.Object, int, java.lang.Object, java.lang.Object)'> (0x00000000d6144968) 
thrown [s\src\hotspot\share\interpreter\linkResolver.cpp, line 773]
Event: 12.650 Thread 0x000001547c439390 Exception <a 'java/lang/NoSuchMethodError'{0x00000000d607f438}: 'java.lang.Object java.lang.invoke.DirectMethodHandle$Holder.invokeSpecial(java.lang.Object, java.lang.Object, int, java.lang.Object, java.lang.Object)'> (0x00000000d607f438) 
thrown [s\src\hotspot\share\interpreter\linkResolver.cpp, line 773]
Event: 12.651 Thread 0x000001547c439390 Exception <a 'java/lang/NoSuchMethodError'{0x00000000d6086170}: 'java.lang.Object java.lang.invoke.DirectMethodHandle$Holder.newInvokeSpecial(java.lang.Object, java.lang.Object, int, java.lang.Object)'> (0x00000000d6086170) 
thrown [s\src\hotspot\share\interpreter\linkResolver.cpp, line 773]
Event: 12.651 Thread 0x000001547c439390 Exception <a 'java/lang/NoSuchMethodError'{0x00000000d6089a50}: 'java.lang.Object java.lang.invoke.DirectMethodHandle$Holder.invokeSpecial(java.lang.Object, java.lang.Object, java.lang.Object, int, java.lang.Object)'> (0x00000000d6089a50) 
thrown [s\src\hotspot\share\interpreter\linkResolver.cpp, line 773]
Event: 12.661 Thread 0x000001547c4372c0 Exception <a 'java/lang/NoSuchMethodError'{0x00000000d62989c0}: 'void java.lang.invoke.DirectMethodHandle$Holder.invokeSpecial(java.lang.Object, java.lang.Object, java.lang.Object, java.lang.Object, java.lang.Object)'> (0x00000000d62989c0) 
thrown [s\src\hotspot\share\interpreter\linkResolver.cpp, line 773]
Event: 12.724 Thread 0x000001547c4372c0 Exception <a 'java/lang/NoSuchMethodError'{0x00000000d653e2f0}: 'double java.lang.invoke.DirectMethodHandle$Holder.invokeStatic(java.lang.Object, java.lang.Object)'> (0x00000000d653e2f0) 
thrown [s\src\hotspot\share\interpreter\linkResolver.cpp, line 773]
Event: 12.724 Thread 0x000001547c4372c0 Exception <a 'java/lang/NoSuchMethodError'{0x00000000d65419b0}: 'double java.lang.invoke.DirectMethodHandle$Holder.invokeStaticInit(java.lang.Object, java.lang.Object)'> (0x00000000d65419b0) 
thrown [s\src\hotspot\share\interpreter\linkResolver.cpp, line 773]
Event: 14.626 Thread 0x000001547c4372c0 Implicit null exception at 0x0000015467698875 to 0x0000015467698950

ZGC Phase Switch (0 events):
No events

VM Operations (20 events):
Event: 3.820 Executing safepoint VM operation: ParallelGCFailedAllocation (Allocation Failure)
Event: 3.825 Executing safepoint VM operation: ParallelGCFailedAllocation (Allocation Failure) done
Event: 11.888 Executing safepoint VM operation: Cleanup
Event: 11.903 Executing safepoint VM operation: Cleanup done
Event: 12.087 Executing non-safepoint VM operation: HandshakeAllThreads (Deoptimize)
Event: 12.087 Executing non-safepoint VM operation: HandshakeAllThreads (Deoptimize) done
Event: 12.319 Executing non-safepoint VM operation: HandshakeAllThreads (Deoptimize)
Event: 12.319 Executing non-safepoint VM operation: HandshakeAllThreads (Deoptimize) done
Event: 12.398 Executing safepoint VM operation: ParallelGCFailedAllocation (Allocation Failure)
Event: 12.401 Executing safepoint VM operation: ParallelGCFailedAllocation (Allocation Failure) done
Event: 12.474 Executing non-safepoint VM operation: HandshakeAllThreads (Deoptimize)
Event: 12.474 Executing non-safepoint VM operation: HandshakeAllThreads (Deoptimize) done
Event: 12.476 Executing non-safepoint VM operation: HandshakeAllThreads (Deoptimize)
Event: 12.476 Executing non-safepoint VM operation: HandshakeAllThreads (Deoptimize) done
Event: 12.484 Executing non-safepoint VM operation: HandshakeAllThreads (Deoptimize)
Event: 12.484 Executing non-safepoint VM operation: HandshakeAllThreads (Deoptimize) done
Event: 12.834 Executing safepoint VM operation: ParallelGCFailedAllocation (Allocation Failure)
Event: 12.838 Executing safepoint VM operation: ParallelGCFailedAllocation (Allocation Failure) done
Event: 14.700 Executing safepoint VM operation: ParallelGCFailedAllocation (Allocation Failure)
Event: 14.702 Executing safepoint VM operation: ParallelGCFailedAllocation (Allocation Failure) done

Memory protections (0 events):
No events

Nmethod flushes (0 events):
No events

Events (20 events):
Event: 2.363 Thread 0x0000015477901820 Thread exited: 0x0000015477901820
Event: 3.045 Thread 0x00000154774b6ad0 Thread exited: 0x00000154774b6ad0
Event: 3.045 Thread 0x00000154774b6420 Thread exited: 0x00000154774b6420
Event: 3.045 Thread 0x0000015474704520 Thread exited: 0x0000015474704520
Event: 11.809 Thread 0x000001545c7dca40 Thread added: 0x000001547c438670
Event: 11.812 Thread 0x000001545c7dca40 Thread added: 0x000001547c4372c0
Event: 12.080 Thread 0x000001547c4372c0 Thread added: 0x000001547c438d00
Event: 12.089 Thread 0x000001545c899c40 Thread added: 0x00000154774fcc10
Event: 12.089 Thread 0x000001545c89ab10 Thread added: 0x00000154774fdb20
Event: 12.175 Thread 0x000001545c89ab10 Thread added: 0x0000015477ad9c70
Event: 12.175 Thread 0x000001545c89ab10 Thread added: 0x0000015477ae1000
Event: 12.352 Thread 0x000001547c4372c0 Thread added: 0x000001547c437fe0
Event: 12.407 Thread 0x00000154774fcc10 Thread added: 0x000001547c32bfa0
Event: 12.619 Thread 0x0000015477ae1000 Thread exited: 0x0000015477ae1000
Event: 12.634 Thread 0x000001547c4372c0 Thread added: 0x000001547c439390
Event: 12.651 Thread 0x000001547c4372c0 Thread added: 0x000001547c43a0b0
Event: 12.773 Thread 0x000001547c439390 Thread added: 0x000001547c436c30
Event: 13.285 Thread 0x0000015477ad9c70 Thread exited: 0x0000015477ad9c70
Event: 15.777 Thread 0x00000154774fcc10 Thread added: 0x000001547c6adb70
Event: 15.777 Thread 0x00000154774fcc10 Thread added: 0x000001547ca43fc0


Dynamic libraries:
0x00007ff7a0d00000 - 0x00007ff7a0d0e000 	c:\Users\acer\.cursor\extensions\redhat.java-1.53.0-win32-x64\jre\21.0.10-win32-x86_64\bin\java.exe
0x00007ff983720000 - 0x00007ff983987000 	C:\WINDOWS\SYSTEM32\ntdll.dll
0x00007ff982480000 - 0x00007ff982549000 	C:\WINDOWS\System32\KERNEL32.DLL
0x00007ff9804e0000 - 0x00007ff9808d1000 	C:\WINDOWS\System32\KERNELBASE.dll
0x00007ff9808e0000 - 0x00007ff980a2b000 	C:\WINDOWS\System32\ucrtbase.dll
0x00007ff977730000 - 0x00007ff977748000 	c:\Users\acer\.cursor\extensions\redhat.java-1.53.0-win32-x64\jre\21.0.10-win32-x86_64\bin\jli.dll
0x00007ff982720000 - 0x00007ff9828e5000 	C:\WINDOWS\System32\USER32.dll
0x00007ff980000000 - 0x00007ff980027000 	C:\WINDOWS\System32\win32u.dll
0x00007ff982550000 - 0x00007ff98257b000 	C:\WINDOWS\System32\GDI32.dll
0x00007ff980030000 - 0x00007ff98015b000 	C:\WINDOWS\System32\gdi32full.dll
0x00007ff980a30000 - 0x00007ff980ad3000 	C:\WINDOWS\System32\msvcp_win.dll
0x00007ff977750000 - 0x00007ff97776e000 	c:\Users\acer\.cursor\extensions\redhat.java-1.53.0-win32-x64\jre\21.0.10-win32-x86_64\bin\VCRUNTIME140.dll
0x00007ff95d180000 - 0x00007ff95d413000 	C:\WINDOWS\WinSxS\amd64_microsoft.windows.common-controls_6595b64144ccf1df_6.0.26100.8037_none_3e092faae333b53b\COMCTL32.dll
0x00007ff9829d0000 - 0x00007ff982a79000 	C:\WINDOWS\System32\msvcrt.dll
0x00007ff983580000 - 0x00007ff9835b1000 	C:\WINDOWS\System32\IMM32.DLL
0x00007ff977720000 - 0x00007ff97772c000 	c:\Users\acer\.cursor\extensions\redhat.java-1.53.0-win32-x64\jre\21.0.10-win32-x86_64\bin\vcruntime140_1.dll
0x00007ff96dd80000 - 0x00007ff96de0d000 	c:\Users\acer\.cursor\extensions\redhat.java-1.53.0-win32-x64\jre\21.0.10-win32-x86_64\bin\msvcp140.dll
0x00007ff8801f0000 - 0x00007ff880f91000 	c:\Users\acer\.cursor\extensions\redhat.java-1.53.0-win32-x64\jre\21.0.10-win32-x86_64\bin\server\jvm.dll
0x00007ff9835c0000 - 0x00007ff98367b000 	C:\WINDOWS\System32\ADVAPI32.dll
0x00007ff981550000 - 0x00007ff9815f7000 	C:\WINDOWS\System32\sechost.dll
0x00007ff983300000 - 0x00007ff983418000 	C:\WINDOWS\System32\RPCRT4.dll
0x00007ff983280000 - 0x00007ff9832f4000 	C:\WINDOWS\System32\WS2_32.dll
0x00007ff975390000 - 0x00007ff97539b000 	C:\WINDOWS\SYSTEM32\VERSION.dll
0x00007ff96b130000 - 0x00007ff96b165000 	C:\WINDOWS\SYSTEM32\WINMM.dll
0x00007ff97ebc0000 - 0x00007ff97ec1e000 	C:\WINDOWS\SYSTEM32\POWRPROF.dll
0x00007ff97eba0000 - 0x00007ff97ebb4000 	C:\WINDOWS\SYSTEM32\UMPDC.dll
0x00007ff97edd0000 - 0x00007ff97edeb000 	C:\WINDOWS\SYSTEM32\kernel.appcore.dll
0x00007ff977640000 - 0x00007ff97764a000 	c:\Users\acer\.cursor\extensions\redhat.java-1.53.0-win32-x64\jre\21.0.10-win32-x86_64\bin\jimage.dll
0x00007ff97dc20000 - 0x00007ff97de62000 	C:\WINDOWS\SYSTEM32\DBGHELP.DLL
0x00007ff981930000 - 0x00007ff981cb2000 	C:\WINDOWS\System32\combase.dll
0x00007ff9828f0000 - 0x00007ff9829c7000 	C:\WINDOWS\System32\OLEAUT32.dll
0x00007ff95d140000 - 0x00007ff95d17b000 	C:\WINDOWS\SYSTEM32\dbgcore.DLL
0x00007ff980430000 - 0x00007ff9804d5000 	C:\WINDOWS\System32\bcryptPrimitives.dll
0x00007ff96dab0000 - 0x00007ff96dabf000 	c:\Users\acer\.cursor\extensions\redhat.java-1.53.0-win32-x64\jre\21.0.10-win32-x86_64\bin\instrument.dll
0x00007ff975c40000 - 0x00007ff975c60000 	c:\Users\acer\.cursor\extensions\redhat.java-1.53.0-win32-x64\jre\21.0.10-win32-x86_64\bin\java.dll
0x00007ff981d10000 - 0x00007ff98246f000 	C:\WINDOWS\System32\SHELL32.dll
0x00007ff981350000 - 0x00007ff9814ba000 	C:\WINDOWS\System32\wintypes.dll
0x00007ff980ae0000 - 0x00007ff981344000 	C:\WINDOWS\System32\windows.storage.dll
0x00007ff982a80000 - 0x00007ff982b77000 	C:\WINDOWS\System32\SHCORE.dll
0x00007ff983040000 - 0x00007ff9830a7000 	C:\WINDOWS\System32\shlwapi.dll
0x00007ff97ff20000 - 0x00007ff97ff49000 	C:\WINDOWS\SYSTEM32\profapi.dll
0x00007ff96dec0000 - 0x00007ff96ded8000 	c:\Users\acer\.cursor\extensions\redhat.java-1.53.0-win32-x64\jre\21.0.10-win32-x86_64\bin\zip.dll
0x00007ff977600000 - 0x00007ff977610000 	C:\Users\acer\.cursor\extensions\redhat.java-1.53.0-win32-x64\jre\21.0.10-win32-x86_64\bin\net.dll
0x00007ff976df0000 - 0x00007ff976f17000 	C:\WINDOWS\SYSTEM32\WINHTTP.dll
0x00007ff97f3c0000 - 0x00007ff97f42b000 	C:\WINDOWS\system32\mswsock.dll
0x00007ff96dea0000 - 0x00007ff96deb6000 	C:\Users\acer\.cursor\extensions\redhat.java-1.53.0-win32-x64\jre\21.0.10-win32-x86_64\bin\nio.dll
0x00007ff965c60000 - 0x00007ff965c70000 	c:\Users\acer\.cursor\extensions\redhat.java-1.53.0-win32-x64\jre\21.0.10-win32-x86_64\bin\verify.dll
0x00007ff90b200000 - 0x00007ff90b245000 	C:\Users\acer\AppData\Roaming\Cursor\User\globalStorage\redhat.java\1.53.0\config_ss_win\org.eclipse.equinox.launcher\org.eclipse.equinox.launcher.win32.win32.x86_64_1.3.0.v20260203-2149\eclipse_11919.dll
0x00007ff9830b0000 - 0x00007ff983245000 	C:\WINDOWS\System32\ole32.dll

JVMTI agents:
c:\Users\acer\.cursor\extensions\redhat.java-1.53.0-win32-x64\lombok\lombok-1.18.39-4050.jar path:c:\Users\acer\.cursor\extensions\redhat.java-1.53.0-win32-x64\jre\21.0.10-win32-x86_64\bin\instrument.dll, loaded, initialized, instrumentlib options:none

dbghelp: loaded successfully - version: 4.0.5 - missing functions: none
symbol engine: initialized successfully - sym options: 0x614 - pdb path: .;c:\Users\acer\.cursor\extensions\redhat.java-1.53.0-win32-x64\jre\21.0.10-win32-x86_64\bin;C:\WINDOWS\SYSTEM32;C:\WINDOWS\WinSxS\amd64_microsoft.windows.common-controls_6595b64144ccf1df_6.0.26100.8037_none_3e092faae333b53b;c:\Users\acer\.cursor\extensions\redhat.java-1.53.0-win32-x64\jre\21.0.10-win32-x86_64\bin\server;C:\Users\acer\AppData\Roaming\Cursor\User\globalStorage\redhat.java\1.53.0\config_ss_win\org.eclipse.equinox.launcher\org.eclipse.equinox.launcher.win32.win32.x86_64_1.3.0.v20260203-2149

VM Arguments:
jvm_args: --add-modules=ALL-SYSTEM --add-opens=java.base/java.util=ALL-UNNAMED --add-opens=java.base/java.lang=ALL-UNNAMED --add-opens=java.base/sun.nio.fs=ALL-UNNAMED -Declipse.application=org.eclipse.jdt.ls.core.id1 -Dosgi.bundles.defaultStartLevel=4 -Declipse.product=org.eclipse.jdt.ls.core.product -Djava.import.generatesMetadataFilesAtProjectRoot=false -DDetectVMInstallationsJob.disabled=true -Dfile.encoding=utf8 -XX:+UseParallelGC -XX:GCTimeRatio=4 -XX:AdaptiveSizePolicyWeight=90 -Dsun.zip.disableMemoryMapping=true -Xmx2G -Xms100m -Xlog:disable -javaagent:c:\Users\acer\.cursor\extensions\redhat.java-1.53.0-win32-x64\lombok\lombok-1.18.39-4050.jar 
java_command: c:\Users\acer\.cursor\extensions\redhat.java-1.53.0-win32-x64\server\plugins\org.eclipse.equinox.launcher_1.7.100.v20251111-0406.jar -configuration c:\Users\acer\AppData\Roaming\Cursor\User\globalStorage\redhat.java\1.53.0\config_ss_win -data c:\Users\acer\AppData\Roaming\Cursor\User\workspaceStorage\c673d17f4667b8b93dad4d846851476c\redhat.java\ss_ws --pipe=\\.\pipe\lsp-493d555ae653743c4fda5a4a63e201c7-sock
java_class_path (initial): c:\Users\acer\.cursor\extensions\redhat.java-1.53.0-win32-x64\server\plugins\org.eclipse.equinox.launcher_1.7.100.v20251111-0406.jar
Launcher Type: SUN_STANDARD

[Global flags]
    uintx AdaptiveSizePolicyWeight                 = 90                                        {product} {command line}
     intx CICompilerCount                          = 12                                        {product} {ergonomic}
    uintx GCTimeRatio                              = 4                                         {product} {command line}
   size_t InitialHeapSize                          = 104857600                                 {product} {command line}
   size_t MaxHeapSize                              = 2147483648                                {product} {command line}
   size_t MaxNewSize                               = 715653120                                 {product} {ergonomic}
   size_t MinHeapDeltaBytes                        = 524288                                    {product} {ergonomic}
   size_t MinHeapSize                              = 104857600                                 {product} {command line}
   size_t NewSize                                  = 34603008                                  {product} {ergonomic}
    uintx NonNMethodCodeHeapSize                   = 7602480                                {pd product} {ergonomic}
    uintx NonProfiledCodeHeapSize                  = 122027880                              {pd product} {ergonomic}
   size_t OldSize                                  = 70254592                                  {product} {ergonomic}
    uintx ProfiledCodeHeapSize                     = 122027880                              {pd product} {ergonomic}
    uintx ReservedCodeCacheSize                    = 251658240                              {pd product} {ergonomic}
     bool SegmentedCodeCache                       = true                                      {product} {ergonomic}
   size_t SoftMaxHeapSize                          = 2147483648                             {manageable} {ergonomic}
     bool UseCompressedOops                        = true                           {product lp64_product} {ergonomic}
     bool UseLargePagesIndividualAllocation        = false                                  {pd product} {ergonomic}
     bool UseParallelGC                            = true                                      {product} {command line}

Logging:
Log output configuration:
 #0: stdout all=off uptime,level,tags foldmultilines=false
 #1: stderr all=off uptime,level,tags foldmultilines=false

Release file:
JAVA_VERSION="21.0.10" 
MODULES="java.base java.compiler java.datatransfer java.xml java.prefs java.desktop java.instrument java.logging java.management java.security.sasl java.naming java.rmi java.management.rmi java.net.http java.scripting java.security.jgss java.transaction.xa java.sql java.sql.rowset java.xml.crypto java.se java.smartcardio jdk.accessibility jdk.internal.jvmstat jdk.attach jdk.charsets jdk.internal.opt jdk.zipfs jdk.compiler jdk.crypto.ec jdk.crypto.cryptoki jdk.crypto.mscapi jdk.dynalink jdk.internal.ed jdk.editpad jdk.hotspot.agent jdk.httpserver jdk.internal.le jdk.internal.vm.ci jdk.internal.vm.compiler jdk.internal.vm.compiler.management jdk.jartool jdk.javadoc jdk.jcmd jdk.management jdk.management.agent jdk.jconsole jdk.jdeps jdk.jdwp.agent jdk.jdi jdk.jfr jdk.jshell jdk.jsobject jdk.jstatd jdk.localedata jdk.management.jfr jdk.naming.dns jdk.naming.rmi jdk.net jdk.nio.mapmode jdk.random jdk.sctp jdk.security.auth jdk.security.jgss jdk.unsupported jdk.unsupported.desktop jdk.xml.dom" 

Environment Variables:
PATH=C:\Program Files\Common Files\Oracle\Java\javapath;C:\WINDOWS\system32;C:\WINDOWS;C:\WINDOWS\System32\Wbem;C:\WINDOWS\System32\WindowsPowerShell\v1.0\;C:\WINDOWS\System32\OpenSSH\;C:\Program Files (x86)\NVIDIA Corporation\PhysX\Common;C:\Program Files\dotnet\;C:\Program Files (x86)\Google\Cloud SDK\google-cloud-sdk\bin;C:\Program Files\NVIDIA Corporation\NVIDIA app\NvDLISR;C:\Program Files\nodejs\;C:\Program Files\Go\bin;C:\Program Files\cursor\resources\app\bin;C:\Program Files\GitHub CLI\;C:\Program Files\Git\cmd;C:\Users\acer\AppData\Local\pnpm;c:\Users\acer\AppData\Local\Programs\Trae\bin;C:\Users\acer\AppData\Local\Programs\Python\Launcher\;C:\Users\acer\AppData\Local\Microsoft\WindowsApps;C:\Users\acer\AppData\Local\Programs\Microsoft VS Code\bin;C:\Users\acer\AppData\Roaming\npm;C:\MinGW\bin;C:\Program Files\Java\jdk-24\bin;C:\Users\acer\AppData\Local\Programs\cursor\resources\app\bin;C:\Users\acer\go\bin;C:\Users\acer\AppData\Local\Programs\Antigravity\bin;D:\src\flutter\bin;C:\Users\acer\AppData\Local\PowerToys\DSCModules\
USERNAME=smart.dev
OS=Windows_NT
PROCESSOR_IDENTIFIER=Intel64 Family 6 Model 183 Stepping 1, GenuineIntel
TMP=C:\Users\acer\AppData\Local\Temp
TEMP=C:\Users\acer\AppData\Local\Temp




Periodic native trim disabled

---------------  S Y S T E M  ---------------

OS:
 Windows 11 , 64 bit Build 26100 (10.0.26100.7920)
OS uptime: 0 days 2:11 hours
Hyper-V role detected

CPU: total 28 (initial active 28) (14 cores per cpu, 2 threads per core) family 6 model 183 stepping 1 microcode 0x129, cx8, cmov, fxsr, ht, mmx, 3dnowpref, sse, sse2, sse3, ssse3, sse4.1, sse4.2, popcnt, lzcnt, tsc, tscinvbit, avx, avx2, aes, erms, clmul, bmi1, bmi2, adx, sha, fma, vzeroupper, clflush, clflushopt, clwb, hv, serialize, rdtscp, rdpid, fsrm, f16c, cet_ibt, cet_ss
Processor Information for processor 0
  Max Mhz: 2100, Current Mhz: 2100, Mhz Limit: 2100
Processor Information for processor 1
  Max Mhz: 2100, Current Mhz: 2100, Mhz Limit: 2100
Processor Information for processor 2
  Max Mhz: 2100, Current Mhz: 2100, Mhz Limit: 2100
Processor Information for processor 3
  Max Mhz: 2100, Current Mhz: 1453, Mhz Limit: 2100
Processor Information for processor 4
  Max Mhz: 2100, Current Mhz: 2100, Mhz Limit: 2100
Processor Information for processor 5
  Max Mhz: 2100, Current Mhz: 1453, Mhz Limit: 2100
Processor Information for processor 6
  Max Mhz: 2100, Current Mhz: 2100, Mhz Limit: 2100
Processor Information for processor 7
  Max Mhz: 2100, Current Mhz: 1453, Mhz Limit: 2100
Processor Information for processor 8
  Max Mhz: 2100, Current Mhz: 1453, Mhz Limit: 2100
Processor Information for processor 9
  Max Mhz: 2100, Current Mhz: 2100, Mhz Limit: 2100
Processor Information for processor 10
  Max Mhz: 2100, Current Mhz: 2100, Mhz Limit: 2100
Processor Information for processor 11
  Max Mhz: 2100, Current Mhz: 2100, Mhz Limit: 2100
Processor Information for processor 12
  Max Mhz: 2100, Current Mhz: 2100, Mhz Limit: 2100
Processor Information for processor 13
  Max Mhz: 2100, Current Mhz: 1453, Mhz Limit: 2100
Processor Information for processor 14
  Max Mhz: 2100, Current Mhz: 1453, Mhz Limit: 2100
Processor Information for processor 15
  Max Mhz: 2100, Current Mhz: 2100, Mhz Limit: 2100
Processor Information for processor 16
  Max Mhz: 2100, Current Mhz: 1540, Mhz Limit: 2100
Processor Information for processor 17
  Max Mhz: 2100, Current Mhz: 2100, Mhz Limit: 2100
Processor Information for processor 18
  Max Mhz: 2100, Current Mhz: 1540, Mhz Limit: 2100
Processor Information for processor 19
  Max Mhz: 2100, Current Mhz: 1540, Mhz Limit: 2100
Processor Information for processor 20
  Max Mhz: 2100, Current Mhz: 1540, Mhz Limit: 2100
Processor Information for processor 21
  Max Mhz: 2100, Current Mhz: 1540, Mhz Limit: 2100
Processor Information for processor 22
  Max Mhz: 2100, Current Mhz: 1540, Mhz Limit: 2100
Processor Information for processor 23
  Max Mhz: 2100, Current Mhz: 2100, Mhz Limit: 2100
Processor Information for processor 24
  Max Mhz: 2100, Current Mhz: 2100, Mhz Limit: 2100
Processor Information for processor 25
  Max Mhz: 2100, Current Mhz: 1540, Mhz Limit: 2100
Processor Information for processor 26
  Max Mhz: 2100, Current Mhz: 1540, Mhz Limit: 2100
Processor Information for processor 27
  Max Mhz: 2100, Current Mhz: 1540, Mhz Limit: 2100

Memory: 4k page, system-wide physical 32472M (7847M free)
TotalPageFile size 130776M (AvailPageFile size 22M)
current process WorkingSet (physical memory assigned to process): 143M, peak: 144M
current process commit charge ("private bytes"): 322M, peak: 324M

vm_info: OpenJDK 64-Bit Server VM (21.0.10+7-LTS) for windows-amd64 JRE (21.0.10+7-LTS), built on 2026-01-20T00:00:00Z by "admin" with MS VC++ 17.12 (VS2022)

END.
